[2026-10-05T09:45:33.746Z] 插件 onload 开始
[2026-10-05T09:45:33.746Z] i18n 语言检测: {"momentLocale":"zh-cn","localStorageLanguage":"zh","navigatorLanguage":"zh-CN","detected":"zh"}
[2026-10-05T09:45:33.746Z] i18n 视图标题: 周日程
[2026-10-05T09:45:33.760Z] 创建主视图（registerView 工厂被调用） {"events":23,"executions":4}
[2026-10-05T09:45:33.765Z] MainView 构造 {"events":23,"executions":4}
[2026-10-05T09:45:33.769Z] WeekScheduleView 构造 {"events":23,"executions":4}
[2026-10-05T09:45:33.770Z] MainView.renderContent {"tab":"week","events":23,"executions":4}
[2026-10-05T09:45:33.771Z] 渲染周表日历 {"weekKey":"2026-W41","events":23,"executions":4}
[2026-10-05T09:45:33.771Z]   计划事件 {"id":"ev_1791128546901_vxov","day":7,"start":120,"end":180,"allDay":false,"title":"test","inboxId":"inbox_1791017400854"}
[2026-10-05T09:45:33.771Z]   计划事件 {"id":"ev_1791128546901_w2if","day":7,"start":390,"end":450,"allDay":false,"title":"new","inboxId":"inbox_1791045111854"}
[2026-10-05T09:45:33.771Z]   计划事件 {"id":"ev_1791128546901_ak2c","day":7,"start":510,"end":570,"allDay":false,"title":"test","inboxId":"inbox_1791017400854"}
[2026-10-05T09:45:33.771Z]   计划事件 {"id":"ev_1791128546901_jf9e","day":7,"start":720,"end":780,"allDay":false,"title":"test","inboxId":"inbox_1791017400854"}
[2026-10-05T09:45:33.771Z]   计划事件 {"id":"ev_1791128546901_90pn","day":7,"start":840,"end":900,"allDay":false,"title":"test","inboxId":"inbox_1791017400854"}
[2026-10-05T09:45:33.771Z]   计划事件 {"id":"ev_1791128546901_biuq","day":4,"start":690,"end":750,"allDay":false,"title":"test","inboxId":"inbox_1791017400854"}
[2026-10-05T09:45:33.771Z]   计划事件 {"id":"ev_1791128546901_l9li","day":1,"start":0,"end":1440,"allDay":true,"title":"new","inboxId":"inbox_1791045111854"}
[2026-10-05T09:45:33.771Z]   计划事件 {"id":"ev_1791128546901_5sq2","day":4,"start":0,"end":1440,"allDay":true,"title":"new","inboxId":"inbox_1791045111854"}
[2026-10-05T09:45:33.771Z]   计划事件 {"id":"ev_1791128546901_2ulq","day":7,"start":0,"end":1440,"allDay":true,"title":"good","inboxId":"inbox_1791045953442"}
[2026-10-05T09:45:33.771Z]   计划事件 {"id":"ev_1791177472124","day":1,"start":510,"end":570,"allDay":false,"title":"new2","inboxId":"inbox_1791047576076"}
[2026-10-05T09:45:33.771Z]   计划事件 {"id":"ev_1791177472480","day":1,"start":990,"end":1050,"allDay":false,"title":"new2","inboxId":"inbox_1791047576076"}
[2026-10-05T09:45:33.771Z]   计划事件 {"id":"ev_1791177472732","day":1,"start":1170,"end":1230,"allDay":false,"title":"new2","inboxId":"inbox_1791047576076"}
[2026-10-05T09:45:33.771Z]   计划事件 {"id":"ev_1791177473156","day":1,"start":840,"end":900,"allDay":false,"title":"new2","inboxId":"inbox_1791047576076"}
[2026-10-05T09:45:33.771Z]   计划事件 {"id":"ev_1791177473460","day":1,"start":660,"end":720,"allDay":false,"title":"good","inboxId":"inbox_1791045953442"}
[2026-10-05T09:45:35.689Z] MainView.renderContent {"tab":"year","events":23,"executions":4}
[2026-10-05T09:45:38.475Z] MainView.renderContent {"tab":"week","events":23,"executions":4}
[2026-10-05T09:45:38.475Z] 渲染周表日历 {"weekKey":"2026-W41","events":23,"executions":4}
[2026-10-05T09:45:38.475Z]   计划事件 {"id":"ev_1791128546901_vxov","day":7,"start":120,"end":180,"allDay":false,"title":"test","inboxId":"inbox_1791017400854"}
[2026-10-05T09:45:38.475Z]   计划事件 {"id":"ev_1791128546901_w2if","day":7,"start":390,"end":450,"allDay":false,"title":"new","inboxId":"inbox_1791045111854"}
[2026-10-05T09:45:38.475Z]   计划事件 {"id":"ev_1791128546901_ak2c","day":7,"start":510,"end":570,"allDay":false,"title":"test","inboxId":"inbox_1791017400854"}
[2026-10-05T09:45:38.475Z]   计划事件 {"id":"ev_1791128546901_jf9e","day":7,"start":720,"end":780,"allDay":false,"title":"test","inboxId":"inbox_1791017400854"}
[2026-10-05T09:45:38.475Z]   计划事件 {"id":"ev_1791128546901_90pn","day":7,"start":840,"end":900,"allDay":false,"title":"test","inboxId":"inbox_1791017400854"}
[2026-10-05T09:45:38.476Z]   计划事件 {"id":"ev_1791128546901_biuq","day":4,"start":690,"end":750,"allDay":false,"title":"test","inboxId":"inbox_1791017400854"}
[2026-10-05T09:45:38.476Z]   计划事件 {"id":"ev_1791128546901_l9li","day":1,"start":0,"end":1440,"allDay":true,"title":"new","inboxId":"inbox_1791045111854"}
[2026-10-05T09:45:38.476Z]   计划事件 {"id":"ev_1791128546901_5sq2","day":4,"start":0,"end":1440,"allDay":true,"title":"new","inboxId":"inbox_1791045111854"}
[2026-10-05T09:45:38.476Z]   计划事件 {"id":"ev_1791128546901_2ulq","day":7,"start":0,"end":1440,"allDay":true,"title":"good","inboxId":"inbox_1791045953442"}
[2026-10-05T09:45:38.476Z]   计划事件 {"id":"ev_1791177472124","day":1,"start":510,"end":570,"allDay":false,"title":"new2","inboxId":"inbox_1791047576076"}
[2026-10-05T09:45:38.476Z]   计划事件 {"id":"ev_1791177472480","day":1,"start":990,"end":1050,"allDay":false,"title":"new2","inboxId":"inbox_1791047576076"}
[2026-10-05T09:45:38.476Z]   计划事件 {"id":"ev_1791177472732","day":1,"start":1170,"end":1230,"allDay":false,"title":"new2","inboxId":"inbox_1791047576076"}
[2026-10-05T09:45:38.476Z]   计划事件 {"id":"ev_1791177473156","day":1,"start":840,"end":900,"allDay":false,"title":"new2","inboxId":"inbox_1791047576076"}
[2026-10-05T09:45:38.476Z]   计划事件 {"id":"ev_1791177473460","day":1,"start":660,"end":720,"allDay":false,"title":"good","inboxId":"inbox_1791045953442"}
[2026-10-05T09:45:38.935Z] MainView.renderContent {"tab":"today","events":23,"executions":4}
[2026-10-05T09:45:39.546Z] MainView.renderContent {"tab":"week","events":23,"executions":4}
[2026-10-05T09:45:39.547Z] 渲染周表日历 {"weekKey":"2026-W41","events":23,"executions":4}
[2026-10-05T09:45:39.547Z]   计划事件 {"id":"ev_1791128546901_vxov","day":7,"start":120,"end":180,"allDay":false,"title":"test","inboxId":"inbox_1791017400854"}
[2026-10-05T09:45:39.547Z]   计划事件 {"id":"ev_1791128546901_w2if","day":7,"start":390,"end":450,"allDay":false,"title":"new","inboxId":"inbox_1791045111854"}
[2026-10-05T09:45:39.547Z]   计划事件 {"id":"ev_1791128546901_ak2c","day":7,"start":510,"end":570,"allDay":false,"title":"test","inboxId":"inbox_1791017400854"}
[2026-10-05T09:45:39.547Z]   计划事件 {"id":"ev_1791128546901_jf9e","day":7,"start":720,"end":780,"allDay":false,"title":"test","inboxId":"inbox_1791017400854"}
[2026-10-05T09:45:39.547Z]   计划事件 {"id":"ev_1791128546901_90pn","day":7,"start":840,"end":900,"allDay":false,"title":"test","inboxId":"inbox_1791017400854"}
[2026-10-05T09:45:39.547Z]   计划事件 {"id":"ev_1791128546901_biuq","day":4,"start":690,"end":750,"allDay":false,"title":"test","inboxId":"inbox_1791017400854"}
[2026-10-05T09:45:39.547Z]   计划事件 {"id":"ev_1791128546901_l9li","day":1,"start":0,"end":1440,"allDay":true,"title":"new","inboxId":"inbox_1791045111854"}
[2026-10-05T09:45:39.547Z]   计划事件 {"id":"ev_1791128546901_5sq2","day":4,"start":0,"end":1440,"allDay":true,"title":"new","inboxId":"inbox_1791045111854"}
[2026-10-05T09:45:39.547Z]   计划事件 {"id":"ev_1791128546901_2ulq","day":7,"start":0,"end":1440,"allDay":true,"title":"good","inboxId":"inbox_1791045953442"}
[2026-10-05T09:45:39.547Z]   计划事件 {"id":"ev_1791177472124","day":1,"start":510,"end":570,"allDay":false,"title":"new2","inboxId":"inbox_1791047576076"}
[2026-10-05T09:45:39.547Z]   计划事件 {"id":"ev_1791177472480","day":1,"start":990,"end":1050,"allDay":false,"title":"new2","inboxId":"inbox_1791047576076"}
[2026-10-05T09:45:39.547Z]   计划事件 {"id":"ev_1791177472732","day":1,"start":1170,"end":1230,"allDay":false,"title":"new2","inboxId":"inbox_1791047576076"}
[2026-10-05T09:45:39.547Z]   计划事件 {"id":"ev_1791177473156","day":1,"start":840,"end":900,"allDay":false,"title":"new2","inboxId":"inbox_1791047576076"}
[2026-10-05T09:45:39.547Z]   计划事件 {"id":"ev_1791177473460","day":1,"start":660,"end":720,"allDay":false,"title":"good","inboxId":"inbox_1791045953442"}
[2026-10-05T09:45:40.307Z] MainView.renderContent {"tab":"today","events":23,"executions":4}
[2026-10-05T09:45:41.627Z] MainView.renderContent {"tab":"swimlane","events":23,"executions":4}
[2026-10-05T09:45:42.055Z] MainView.renderContent {"tab":"achievement","events":23,"executions":4}
[2026-10-05T09:45:42.647Z] MainView.renderContent {"tab":"year","events":23,"executions":4}
[2026-10-05T09:45:43.127Z] MainView.renderContent {"tab":"week","events":23,"executions":4}
[2026-10-05T09:45:43.127Z] 渲染周表日历 {"weekKey":"2026-W41","events":23,"executions":4}
[2026-10-05T09:45:43.127Z]   计划事件 {"id":"ev_1791128546901_vxov","day":7,"start":120,"end":180,"allDay":false,"title":"test","inboxId":"inbox_1791017400854"}
[2026-10-05T09:45:43.127Z]   计划事件 {"id":"ev_1791128546901_w2if","day":7,"start":390,"end":450,"allDay":false,"title":"new","inboxId":"inbox_1791045111854"}
[2026-10-05T09:45:43.127Z]   计划事件 {"id":"ev_1791128546901_ak2c","day":7,"start":510,"end":570,"allDay":false,"title":"test","inboxId":"inbox_1791017400854"}
[2026-10-05T09:45:43.127Z]   计划事件 {"id":"ev_1791128546901_jf9e","day":7,"start":720,"end":780,"allDay":false,"title":"test","inboxId":"inbox_1791017400854"}
[2026-10-05T09:45:43.127Z]   计划事件 {"id":"ev_1791128546901_90pn","day":7,"start":840,"end":900,"allDay":false,"title":"test","inboxId":"inbox_1791017400854"}
[2026-10-05T09:45:43.127Z]   计划事件 {"id":"ev_1791128546901_biuq","day":4,"start":690,"end":750,"allDay":false,"title":"test","inboxId":"inbox_1791017400854"}
[2026-10-05T09:45:43.127Z]   计划事件 {"id":"ev_1791128546901_l9li","day":1,"start":0,"end":1440,"allDay":true,"title":"new","inboxId":"inbox_1791045111854"}
[2026-10-05T09:45:43.127Z]   计划事件 {"id":"ev_1791128546901_5sq2","day":4,"start":0,"end":1440,"allDay":true,"title":"new","inboxId":"inbox_1791045111854"}
[2026-10-05T09:45:43.127Z]   计划事件 {"id":"ev_1791128546901_2ulq","day":7,"start":0,"end":1440,"allDay":true,"title":"good","inboxId":"inbox_1791045953442"}
[2026-10-05T09:45:43.127Z]   计划事件 {"id":"ev_1791177472124","day":1,"start":510,"end":570,"allDay":false,"title":"new2","inboxId":"inbox_1791047576076"}
[2026-10-05T09:45:43.127Z]   计划事件 {"id":"ev_1791177472480","day":1,"start":990,"end":1050,"allDay":false,"title":"new2","inboxId":"inbox_1791047576076"}
[2026-10-05T09:45:43.127Z]   计划事件 {"id":"ev_1791177472732","day":1,"start":1170,"end":1230,"allDay":false,"title":"new2","inboxId":"inbox_1791047576076"}
[2026-10-05T09:45:43.127Z]   计划事件 {"id":"ev_1791177473156","day":1,"start":840,"end":900,"allDay":false,"title":"new2","inboxId":"inbox_1791047576076"}
[2026-10-05T09:45:43.127Z]   计划事件 {"id":"ev_1791177473460","day":1,"start":660,"end":720,"allDay":false,"title":"good","inboxId":"inbox_1791045953442"}
[2026-10-05T09:45:43.591Z] MainView.renderContent {"tab":"today","events":23,"executions":4}
[2026-10-05T09:45:43.954Z] MainView.renderContent {"tab":"swimlane","events":23,"executions":4}
[2026-10-05T09:45:44.249Z] MainView.renderContent {"tab":"achievement","events":23,"executions":4}
[2026-10-05T09:45:44.533Z] MainView.renderContent {"tab":"swimlane","events":23,"executions":4}
[2026-10-05T09:45:44.889Z] MainView.renderContent {"tab":"year","events":23,"executions":4}
[2026-10-05T09:45:55.067Z] MainView.renderContent {"tab":"week","events":23,"executions":4}
[2026-10-05T09:45:55.068Z] 渲染周表日历 {"weekKey":"2026-W41","events":23,"executions":4}
[2026-10-05T09:45:55.068Z]   计划事件 {"id":"ev_1791128546901_vxov","day":7,"start":120,"end":180,"allDay":false,"title":"test","inboxId":"inbox_1791017400854"}
[2026-10-05T09:45:55.068Z]   计划事件 {"id":"ev_1791128546901_w2if","day":7,"start":390,"end":450,"allDay":false,"title":"new","inboxId":"inbox_1791045111854"}
[2026-10-05T09:45:55.068Z]   计划事件 {"id":"ev_1791128546901_ak2c","day":7,"start":510,"end":570,"allDay":false,"title":"test","inboxId":"inbox_1791017400854"}
[2026-10-05T09:45:55.068Z]   计划事件 {"id":"ev_1791128546901_jf9e","day":7,"start":720,"end":780,"allDay":false,"title":"test","inboxId":"inbox_1791017400854"}
[2026-10-05T09:45:55.068Z]   计划事件 {"id":"ev_1791128546901_90pn","day":7,"start":840,"end":900,"allDay":false,"title":"test","inboxId":"inbox_1791017400854"}
[2026-10-05T09:45:55.068Z]   计划事件 {"id":"ev_1791128546901_biuq","day":4,"start":690,"end":750,"allDay":false,"title":"test","inboxId":"inbox_1791017400854"}
[2026-10-05T09:45:55.068Z]   计划事件 {"id":"ev_1791128546901_l9li","day":1,"start":0,"end":1440,"allDay":true,"title":"new","inboxId":"inbox_1791045111854"}
[2026-10-05T09:45:55.068Z]   计划事件 {"id":"ev_1791128546901_5sq2","day":4,"start":0,"end":1440,"allDay":true,"title":"new","inboxId":"inbox_1791045111854"}
[2026-10-05T09:45:55.068Z]   计划事件 {"id":"ev_1791128546901_2ulq","day":7,"start":0,"end":1440,"allDay":true,"title":"good","inboxId":"inbox_1791045953442"}
[2026-10-05T09:45:55.068Z]   计划事件 {"id":"ev_1791177472124","day":1,"start":510,"end":570,"allDay":false,"title":"new2","inboxId":"inbox_1791047576076"}
[2026-10-05T09:45:55.068Z]   计划事件 {"id":"ev_1791177472480","day":1,"start":990,"end":1050,"allDay":false,"title":"new2","inboxId":"inbox_1791047576076"}
[2026-10-05T09:45:55.068Z]   计划事件 {"id":"ev_1791177472732","day":1,"start":1170,"end":1230,"allDay":false,"title":"new2","inboxId":"inbox_1791047576076"}
[2026-10-05T09:45:55.068Z]   计划事件 {"id":"ev_1791177473156","day":1,"start":840,"end":900,"allDay":false,"title":"new2","inboxId":"inbox_1791047576076"}
[2026-10-05T09:45:55.068Z]   计划事件 {"id":"ev_1791177473460","day":1,"start":660,"end":720,"allDay":false,"title":"good","inboxId":"inbox_1791045953442"}
[2026-10-05T09:45:58.011Z] MainView.renderContent {"tab":"today","events":23,"executions":4}
[2026-10-05T09:45:58.394Z] MainView.renderContent {"tab":"week","events":23,"executions":4}
[2026-10-05T09:45:58.395Z] 渲染周表日历 {"weekKey":"2026-W41","events":23,"executions":4}
[2026-10-05T09:45:58.395Z]   计划事件 {"id":"ev_1791128546901_vxov","day":7,"start":120,"end":180,"allDay":false,"title":"test","inboxId":"inbox_1791017400854"}
[2026-10-05T09:45:58.395Z]   计划事件 {"id":"ev_1791128546901_w2if","day":7,"start":390,"end":450,"allDay":false,"title":"new","inboxId":"inbox_1791045111854"}
[2026-10-05T09:45:58.395Z]   计划事件 {"id":"ev_1791128546901_ak2c","day":7,"start":510,"end":570,"allDay":false,"title":"test","inboxId":"inbox_1791017400854"}
[2026-10-05T09:45:58.395Z]   计划事件 {"id":"ev_1791128546901_jf9e","day":7,"start":720,"end":780,"allDay":false,"title":"test","inboxId":"inbox_1791017400854"}
[2026-10-05T09:45:58.395Z]   计划事件 {"id":"ev_1791128546901_90pn","day":7,"start":840,"end":900,"allDay":false,"title":"test","inboxId":"inbox_1791017400854"}
[2026-10-05T09:45:58.395Z]   计划事件 {"id":"ev_1791128546901_biuq","day":4,"start":690,"end":750,"allDay":false,"title":"test","inboxId":"inbox_1791017400854"}
[2026-10-05T09:45:58.395Z]   计划事件 {"id":"ev_1791128546901_l9li","day":1,"start":0,"end":1440,"allDay":true,"title":"new","inboxId":"inbox_1791045111854"}
[2026-10-05T09:45:58.395Z]   计划事件 {"id":"ev_1791128546901_5sq2","day":4,"start":0,"end":1440,"allDay":true,"title":"new","inboxId":"inbox_1791045111854"}
[2026-10-05T09:45:58.395Z]   计划事件 {"id":"ev_1791128546901_2ulq","day":7,"start":0,"end":1440,"allDay":true,"title":"good","inboxId":"inbox_1791045953442"}
[2026-10-05T09:45:58.395Z]   计划事件 {"id":"ev_1791177472124","day":1,"start":510,"end":570,"allDay":false,"title":"new2","inboxId":"inbox_1791047576076"}
[2026-10-05T09:45:58.395Z]   计划事件 {"id":"ev_1791177472480","day":1,"start":990,"end":1050,"allDay":false,"title":"new2","inboxId":"inbox_1791047576076"}
[2026-10-05T09:45:58.395Z]   计划事件 {"id":"ev_1791177472732","day":1,"start":1170,"end":1230,"allDay":false,"title":"new2","inboxId":"inbox_1791047576076"}
[2026-10-05T09:45:58.395Z]   计划事件 {"id":"ev_1791177473156","day":1,"start":840,"end":900,"allDay":false,"title":"new2","inboxId":"inbox_1791047576076"}
[2026-10-05T09:45:58.395Z]   计划事件 {"id":"ev_1791177473460","day":1,"start":660,"end":720,"allDay":false,"title":"good","inboxId":"inbox_1791045953442"}
[2026-10-05T09:45:58.651Z] MainView.renderContent {"tab":"year","events":23,"executions":4}
[2026-10-05T09:45:58.959Z] MainView.renderContent {"tab":"week","events":23,"executions":4}
[2026-10-05T09:45:58.960Z] 渲染周表日历 {"weekKey":"2026-W41","events":23,"executions":4}
[2026-10-05T09:45:58.960Z]   计划事件 {"id":"ev_1791128546901_vxov","day":7,"start":120,"end":180,"allDay":false,"title":"test","inboxId":"inbox_1791017400854"}
[2026-10-05T09:45:58.960Z]   计划事件 {"id":"ev_1791128546901_w2if","day":7,"start":390,"end":450,"allDay":false,"title":"new","inboxId":"inbox_1791045111854"}
[2026-10-05T09:45:58.960Z]   计划事件 {"id":"ev_1791128546901_ak2c","day":7,"start":510,"end":570,"allDay":false,"title":"test","inboxId":"inbox_1791017400854"}
[2026-10-05T09:45:58.960Z]   计划事件 {"id":"ev_1791128546901_jf9e","day":7,"start":720,"end":780,"allDay":false,"title":"test","inboxId":"inbox_1791017400854"}
[2026-10-05T09:45:58.960Z]   计划事件 {"id":"ev_1791128546901_90pn","day":7,"start":840,"end":900,"allDay":false,"title":"test","inboxId":"inbox_1791017400854"}
[2026-10-05T09:45:58.960Z]   计划事件 {"id":"ev_1791128546901_biuq","day":4,"start":690,"end":750,"allDay":false,"title":"test","inboxId":"inbox_1791017400854"}
[2026-10-05T09:45:58.960Z]   计划事件 {"id":"ev_1791128546901_l9li","day":1,"start":0,"end":1440,"allDay":true,"title":"new","inboxId":"inbox_1791045111854"}
[2026-10-05T09:45:58.960Z]   计划事件 {"id":"ev_1791128546901_5sq2","day":4,"start":0,"end":1440,"allDay":true,"title":"new","inboxId":"inbox_1791045111854"}
[2026-10-05T09:45:58.960Z]   计划事件 {"id":"ev_1791128546901_2ulq","day":7,"start":0,"end":1440,"allDay":true,"title":"good","inboxId":"inbox_1791045953442"}
[2026-10-05T09:45:58.960Z]   计划事件 {"id":"ev_1791177472124","day":1,"start":510,"end":570,"allDay":false,"title":"new2","inboxId":"inbox_1791047576076"}
[2026-10-05T09:45:58.960Z]   计划事件 {"id":"ev_1791177472480","day":1,"start":990,"end":1050,"allDay":false,"title":"new2","inboxId":"inbox_1791047576076"}
[2026-10-05T09:45:58.960Z]   计划事件 {"id":"ev_1791177472732","day":1,"start":1170,"end":1230,"allDay":false,"title":"new2","inboxId":"inbox_1791047576076"}
[2026-10-05T09:45:58.960Z]   计划事件 {"id":"ev_1791177473156","day":1,"start":840,"end":900,"allDay":false,"title":"new2","inboxId":"inbox_1791047576076"}
[2026-10-05T09:45:58.960Z]   计划事件 {"id":"ev_1791177473460","day":1,"start":660,"end":720,"allDay":false,"title":"good","inboxId":"inbox_1791045953442"}
[2026-10-05T09:45:59.159Z] MainView.renderContent {"tab":"today","events":23,"executions":4}
[2026-10-05T09:45:59.823Z] MainView.renderContent {"tab":"week","events":23,"executions":4}
[2026-10-05T09:45:59.823Z] 渲染周表日历 {"weekKey":"2026-W41","events":23,"executions":4}
[2026-10-05T09:45:59.823Z]   计划事件 {"id":"ev_1791128546901_vxov","day":7,"start":120,"end":180,"allDay":false,"title":"test","inboxId":"inbox_1791017400854"}
[2026-10-05T09:45:59.823Z]   计划事件 {"id":"ev_1791128546901_w2if","day":7,"start":390,"end":450,"allDay":false,"title":"new","inboxId":"inbox_1791045111854"}
[2026-10-05T09:45:59.823Z]   计划事件 {"id":"ev_1791128546901_ak2c","day":7,"start":510,"end":570,"allDay":false,"title":"test","inboxId":"inbox_1791017400854"}
[2026-10-05T09:45:59.823Z]   计划事件 {"id":"ev_1791128546901_jf9e","day":7,"start":720,"end":780,"allDay":false,"title":"test","inboxId":"inbox_1791017400854"}
[2026-10-05T09:45:59.823Z]   计划事件 {"id":"ev_1791128546901_90pn","day":7,"start":840,"end":900,"allDay":false,"title":"test","inboxId":"inbox_1791017400854"}
[2026-10-05T09:45:59.823Z]   计划事件 {"id":"ev_1791128546901_biuq","day":4,"start":690,"end":750,"allDay":false,"title":"test","inboxId":"inbox_1791017400854"}
[2026-10-05T09:45:59.823Z]   计划事件 {"id":"ev_1791128546901_l9li","day":1,"start":0,"end":1440,"allDay":true,"title":"new","inboxId":"inbox_1791045111854"}
[2026-10-05T09:45:59.823Z]   计划事件 {"id":"ev_1791128546901_5sq2","day":4,"start":0,"end":1440,"allDay":true,"title":"new","inboxId":"inbox_1791045111854"}
[2026-10-05T09:45:59.823Z]   计划事件 {"id":"ev_1791128546901_2ulq","day":7,"start":0,"end":1440,"allDay":true,"title":"good","inboxId":"inbox_1791045953442"}
[2026-10-05T09:45:59.823Z]   计划事件 {"id":"ev_1791177472124","day":1,"start":510,"end":570,"allDay":false,"title":"new2","inboxId":"inbox_1791047576076"}
[2026-10-05T09:45:59.823Z]   计划事件 {"id":"ev_1791177472480","day":1,"start":990,"end":1050,"allDay":false,"title":"new2","inboxId":"inbox_1791047576076"}
[2026-10-05T09:45:59.823Z]   计划事件 {"id":"ev_1791177472732","day":1,"start":1170,"end":1230,"allDay":false,"title":"new2","inboxId":"inbox_1791047576076"}
[2026-10-05T09:45:59.823Z]   计划事件 {"id":"ev_1791177473156","day":1,"start":840,"end":900,"allDay":false,"title":"new2","inboxId":"inbox_1791047576076"}
[2026-10-05T09:45:59.823Z]   计划事件 {"id":"ev_1791177473460","day":1,"start":660,"end":720,"allDay":false,"title":"good","inboxId":"inbox_1791045953442"}
[2026-10-05T09:46:00.117Z] MainView.renderContent {"tab":"year","events":23,"executions":4}
[2026-10-05T09:46:00.648Z] MainView.renderContent {"tab":"week","events":23,"executions":4}
[2026-10-05T09:46:00.649Z] 渲染周表日历 {"weekKey":"2026-W41","events":23,"executions":4}
[2026-10-05T09:46:00.649Z]   计划事件 {"id":"ev_1791128546901_vxov","day":7,"start":120,"end":180,"allDay":false,"title":"test","inboxId":"inbox_1791017400854"}
[2026-10-05T09:46:00.649Z]   计划事件 {"id":"ev_1791128546901_w2if","day":7,"start":390,"end":450,"allDay":false,"title":"new","inboxId":"inbox_1791045111854"}
[2026-10-05T09:46:00.649Z]   计划事件 {"id":"ev_1791128546901_ak2c","day":7,"start":510,"end":570,"allDay":false,"title":"test","inboxId":"inbox_1791017400854"}
[2026-10-05T09:46:00.649Z]   计划事件 {"id":"ev_1791128546901_jf9e","day":7,"start":720,"end":780,"allDay":false,"title":"test","inboxId":"inbox_1791017400854"}
[2026-10-05T09:46:00.649Z]   计划事件 {"id":"ev_1791128546901_90pn","day":7,"start":840,"end":900,"allDay":false,"title":"test","inboxId":"inbox_1791017400854"}
[2026-10-05T09:46:00.649Z]   计划事件 {"id":"ev_1791128546901_biuq","day":4,"start":690,"end":750,"allDay":false,"title":"test","inboxId":"inbox_1791017400854"}
[2026-10-05T09:46:00.649Z]   计划事件 {"id":"ev_1791128546901_l9li","day":1,"start":0,"end":1440,"allDay":true,"title":"new","inboxId":"inbox_1791045111854"}
[2026-10-05T09:46:00.649Z]   计划事件 {"id":"ev_1791128546901_5sq2","day":4,"start":0,"end":1440,"allDay":true,"title":"new","inboxId":"inbox_1791045111854"}
[2026-10-05T09:46:00.649Z]   计划事件 {"id":"ev_1791128546901_2ulq","day":7,"start":0,"end":1440,"allDay":true,"title":"good","inboxId":"inbox_1791045953442"}
[2026-10-05T09:46:00.649Z]   计划事件 {"id":"ev_1791177472124","day":1,"start":510,"end":570,"allDay":false,"title":"new2","inboxId":"inbox_1791047576076"}
[2026-10-05T09:46:00.649Z]   计划事件 {"id":"ev_1791177472480","day":1,"start":990,"end":1050,"allDay":false,"title":"new2","inboxId":"inbox_1791047576076"}
[2026-10-05T09:46:00.649Z]   计划事件 {"id":"ev_1791177472732","day":1,"start":1170,"end":1230,"allDay":false,"title":"new2","inboxId":"inbox_1791047576076"}
[2026-10-05T09:46:00.649Z]   计划事件 {"id":"ev_1791177473156","day":1,"start":840,"end":900,"allDay":false,"title":"new2","inboxId":"inbox_1791047576076"}
[2026-10-05T09:46:00.649Z]   计划事件 {"id":"ev_1791177473460","day":1,"start":660,"end":720,"allDay":false,"title":"good","inboxId":"inbox_1791045953442"}
[2026-10-05T09:46:01.341Z] 保存数据 {"weekKey":"2026-W41","events":23,"executions":4}
[2026-10-05T09:46:01.341Z]   保存事件 {"id":"ev_1791044383880","day":7,"start":120,"end":180,"allDay":false,"title":"test","inboxId":"inbox_1791017400854","weekKey":"2026-W40"}
[2026-10-05T09:46:01.341Z]   保存事件 {"id":"ev_1791044384140","day":7,"start":390,"end":450,"allDay":false,"title":"new","inboxId":"inbox_1791045111854","weekKey":"2026-W40"}
[2026-10-05T09:46:01.341Z]   保存事件 {"id":"ev_1791044384376","day":7,"start":510,"end":570,"allDay":false,"title":"test","inboxId":"inbox_1791017400854","weekKey":"2026-W40"}
[2026-10-05T09:46:01.341Z]   保存事件 {"id":"ev_1791044384564","day":7,"start":720,"end":780,"allDay":false,"title":"test","inboxId":"inbox_1791017400854","weekKey":"2026-W40"}
[2026-10-05T09:46:01.341Z]   保存事件 {"id":"ev_1791044384796","day":7,"start":840,"end":900,"allDay":false,"title":"test","inboxId":"inbox_1791017400854","weekKey":"2026-W40"}
[2026-10-05T09:46:01.341Z]   保存事件 {"id":"ev_1791044395154","day":4,"start":690,"end":750,"allDay":false,"title":"test","inboxId":"inbox_1791017400854","weekKey":"2026-W40"}
[2026-10-05T09:46:01.341Z]   保存事件 {"id":"ev_1791045924198","day":1,"start":0,"end":1440,"allDay":true,"title":"new","inboxId":"inbox_1791045111854","weekKey":"2026-W40"}
[2026-10-05T09:46:01.341Z]   保存事件 {"id":"ev_1791045926890","day":4,"start":0,"end":1440,"allDay":true,"title":"new","inboxId":"inbox_1791045111854","weekKey":"2026-W40"}
[2026-10-05T09:46:01.341Z]   保存事件 {"id":"ev_1791045955430","day":7,"start":0,"end":1440,"allDay":true,"title":"good","inboxId":"inbox_1791045953442","weekKey":"2026-W40"}
[2026-10-05T09:46:01.341Z]   保存事件 {"id":"ev_1791128546901_vxov","day":7,"start":120,"end":180,"allDay":false,"title":"test","inboxId":"inbox_1791017400854","weekKey":"2026-W41"}
[2026-10-05T09:46:01.341Z]   保存事件 {"id":"ev_1791128546901_w2if","day":7,"start":390,"end":450,"allDay":false,"title":"new","inboxId":"inbox_1791045111854","weekKey":"2026-W41"}
[2026-10-05T09:46:01.341Z]   保存事件 {"id":"ev_1791128546901_ak2c","day":7,"start":510,"end":570,"allDay":false,"title":"test","inboxId":"inbox_1791017400854","weekKey":"2026-W41"}
[2026-10-05T09:46:01.341Z]   保存事件 {"id":"ev_1791128546901_jf9e","day":7,"start":720,"end":780,"allDay":false,"title":"test","inboxId":"inbox_1791017400854","weekKey":"2026-W41"}
[2026-10-05T09:46:01.341Z]   保存事件 {"id":"ev_1791128546901_90pn","day":7,"start":840,"end":900,"allDay":false,"title":"test","inboxId":"inbox_1791017400854","weekKey":"2026-W41"}
[2026-10-05T09:46:01.341Z]   保存事件 {"id":"ev_1791128546901_biuq","day":4,"start":690,"end":750,"allDay":false,"title":"test","inboxId":"inbox_1791017400854","weekKey":"2026-W41"}
[2026-10-05T09:46:01.341Z]   保存事件 {"id":"ev_1791128546901_l9li","day":1,"start":0,"end":1440,"allDay":true,"title":"new","inboxId":"inbox_1791045111854","weekKey":"2026-W41"}
[2026-10-05T09:46:01.341Z]   保存事件 {"id":"ev_1791128546901_5sq2","day":4,"start":0,"end":1440,"allDay":true,"title":"new","inboxId":"inbox_1791045111854","weekKey":"2026-W41"}
[2026-10-05T09:46:01.341Z]   保存事件 {"id":"ev_1791128546901_2ulq","day":7,"start":0,"end":1440,"allDay":true,"title":"good","inboxId":"inbox_1791045953442","weekKey":"2026-W41"}
[2026-10-05T09:46:01.341Z]   保存事件 {"id":"ev_1791177472124","day":1,"start":510,"end":570,"allDay":false,"title":"new2","inboxId":"inbox_1791047576076","weekKey":"2026-W41"}
[2026-10-05T09:46:01.341Z]   保存事件 {"id":"ev_1791177472480","day":1,"start":990,"end":1050,"allDay":false,"title":"new2","inboxId":"inbox_1791047576076","weekKey":"2026-W41"}
[2026-10-05T09:46:01.341Z]   保存事件 {"id":"ev_1791177472732","day":1,"start":1170,"end":1230,"allDay":false,"title":"new2","inboxId":"inbox_1791047576076","weekKey":"2026-W41"}
[2026-10-05T09:46:01.341Z]   保存事件 {"id":"ev_1791177473156","day":1,"start":840,"end":900,"allDay":false,"title":"new2","inboxId":"inbox_1791047576076","weekKey":"2026-W41"}
[2026-10-05T09:46:01.341Z]   保存事件 {"id":"ev_1791177473460","day":1,"start":660,"end":720,"allDay":false,"title":"good","inboxId":"inbox_1791045953442","weekKey":"2026-W41"}
[2026-10-05T09:46:01.370Z] 渲染周表日历 {"weekKey":"2026-W41","events":23,"executions":4}
[2026-10-05T09:46:01.370Z]   计划事件 {"id":"ev_1791128546901_vxov","day":7,"start":120,"end":180,"allDay":false,"title":"test","inboxId":"inbox_1791017400854"}
[2026-10-05T09:46:01.370Z]   计划事件 {"id":"ev_1791128546901_w2if","day":7,"start":390,"end":450,"allDay":false,"title":"new","inboxId":"inbox_1791045111854"}
[2026-10-05T09:46:01.370Z]   计划事件 {"id":"ev_1791128546901_ak2c","day":7,"start":510,"end":570,"allDay":false,"title":"test","inboxId":"inbox_1791017400854"}
[2026-10-05T09:46:01.370Z]   计划事件 {"id":"ev_1791128546901_jf9e","day":7,"start":720,"end":780,"allDay":false,"title":"test","inboxId":"inbox_1791017400854"}
[2026-10-05T09:46:01.370Z]   计划事件 {"id":"ev_1791128546901_90pn","day":7,"start":840,"end":900,"allDay":false,"title":"test","inboxId":"inbox_1791017400854"}
[2026-10-05T09:46:01.370Z]   计划事件 {"id":"ev_1791128546901_biuq","day":4,"start":690,"end":750,"allDay":false,"title":"test","inboxId":"inbox_1791017400854"}
[2026-10-05T09:46:01.370Z]   计划事件 {"id":"ev_1791128546901_l9li","day":1,"start":0,"end":1440,"allDay":true,"title":"new","inboxId":"inbox_1791045111854"}
[2026-10-05T09:46:01.370Z]   计划事件 {"id":"ev_1791128546901_5sq2","day":4,"start":0,"end":1440,"allDay":true,"title":"new","inboxId":"inbox_1791045111854"}
[2026-10-05T09:46:01.370Z]   计划事件 {"id":"ev_1791128546901_2ulq","day":7,"start":0,"end":1440,"allDay":true,"title":"good","inboxId":"inbox_1791045953442"}
[2026-10-05T09:46:01.370Z]   计划事件 {"id":"ev_1791177472124","day":1,"start":510,"end":570,"allDay":false,"title":"new2","inboxId":"inbox_1791047576076"}
[2026-10-05T09:46:01.370Z]   计划事件 {"id":"ev_1791177472480","day":1,"start":990,"end":1050,"allDay":false,"title":"new2","inboxId":"inbox_1791047576076"}
[2026-10-05T09:46:01.370Z]   计划事件 {"id":"ev_1791177472732","day":1,"start":1170,"end":1230,"allDay":false,"title":"new2","inboxId":"inbox_1791047576076"}
[2026-10-05T09:46:01.370Z]   计划事件 {"id":"ev_1791177473156","day":1,"start":840,"end":900,"allDay":false,"title":"new2","inboxId":"inbox_1791047576076"}
[2026-10-05T09:46:01.370Z]   计划事件 {"id":"ev_1791177473460","day":1,"start":660,"end":720,"allDay":false,"title":"good","inboxId":"inbox_1791045953442"}
[2026-10-05T09:46:01.732Z] 保存数据 {"weekKey":"2026-W41","events":23,"executions":4}
[2026-10-05T09:46:01.732Z]   保存事件 {"id":"ev_1791044383880","day":7,"start":120,"end":180,"allDay":false,"title":"test","inboxId":"inbox_1791017400854","weekKey":"2026-W40"}
[2026-10-05T09:46:01.732Z]   保存事件 {"id":"ev_1791044384140","day":7,"start":390,"end":450,"allDay":false,"title":"new","inboxId":"inbox_1791045111854","weekKey":"2026-W40"}
[2026-10-05T09:46:01.733Z]   保存事件 {"id":"ev_1791044384376","day":7,"start":510,"end":570,"allDay":false,"title":"test","inboxId":"inbox_1791017400854","weekKey":"2026-W40"}
[2026-10-05T09:46:01.733Z]   保存事件 {"id":"ev_1791044384564","day":7,"start":720,"end":780,"allDay":false,"title":"test","inboxId":"inbox_1791017400854","weekKey":"2026-W40"}
[2026-10-05T09:46:01.733Z]   保存事件 {"id":"ev_1791044384796","day":7,"start":840,"end":900,"allDay":false,"title":"test","inboxId":"inbox_1791017400854","weekKey":"2026-W40"}
[2026-10-05T09:46:01.733Z]   保存事件 {"id":"ev_1791044395154","day":4,"start":690,"end":750,"allDay":false,"title":"test","inboxId":"inbox_1791017400854","weekKey":"2026-W40"}
[2026-10-05T09:46:01.733Z]   保存事件 {"id":"ev_1791045924198","day":1,"start":0,"end":1440,"allDay":true,"title":"new","inboxId":"inbox_1791045111854","weekKey":"2026-W40"}
[2026-10-05T09:46:01.733Z]   保存事件 {"id":"ev_1791045926890","day":4,"start":0,"end":1440,"allDay":true,"title":"new","inboxId":"inbox_1791045111854","weekKey":"2026-W40"}
[2026-10-05T09:46:01.733Z]   保存事件 {"id":"ev_1791045955430","day":7,"start":0,"end":1440,"allDay":true,"title":"good","inboxId":"inbox_1791045953442","weekKey":"2026-W40"}
[2026-10-05T09:46:01.733Z]   保存事件 {"id":"ev_1791128546901_vxov","day":7,"start":120,"end":180,"allDay":false,"title":"test","inboxId":"inbox_1791017400854","weekKey":"2026-W41"}
[2026-10-05T09:46:01.733Z]   保存事件 {"id":"ev_1791128546901_w2if","day":7,"start":390,"end":450,"allDay":false,"title":"new","inboxId":"inbox_1791045111854","weekKey":"2026-W41"}
[2026-10-05T09:46:01.733Z]   保存事件 {"id":"ev_1791128546901_ak2c","day":7,"start":510,"end":570,"allDay":false,"title":"test","inboxId":"inbox_1791017400854","weekKey":"2026-W41"}
[2026-10-05T09:46:01.733Z]   保存事件 {"id":"ev_1791128546901_jf9e","day":7,"start":720,"end":780,"allDay":false,"title":"test","inboxId":"inbox_1791017400854","weekKey":"2026-W41"}
[2026-10-05T09:46:01.733Z]   保存事件 {"id":"ev_1791128546901_90pn","day":7,"start":840,"end":900,"allDay":false,"title":"test","inboxId":"inbox_1791017400854","weekKey":"2026-W41"}
[2026-10-05T09:46:01.733Z]   保存事件 {"id":"ev_1791128546901_biuq","day":4,"start":690,"end":750,"allDay":false,"title":"test","inboxId":"inbox_1791017400854","weekKey":"2026-W41"}
[2026-10-05T09:46:01.733Z]   保存事件 {"id":"ev_1791128546901_l9li","day":1,"start":0,"end":1440,"allDay":true,"title":"new","inboxId":"inbox_1791045111854","weekKey":"2026-W41"}
[2026-10-05T09:46:01.733Z]   保存事件 {"id":"ev_1791128546901_5sq2","day":4,"start":0,"end":1440,"allDay":true,"title":"new","inboxId":"inbox_1791045111854","weekKey":"2026-W41"}
[2026-10-05T09:46:01.733Z]   保存事件 {"id":"ev_1791128546901_2ulq","day":7,"start":0,"end":1440,"allDay":true,"title":"good","inboxId":"inbox_1791045953442","weekKey":"2026-W41"}
[2026-10-05T09:46:01.733Z]   保存事件 {"id":"ev_1791177472124","day":1,"start":510,"end":570,"allDay":false,"title":"new2","inboxId":"inbox_1791047576076","weekKey":"2026-W41"}
[2026-10-05T09:46:01.733Z]   保存事件 {"id":"ev_1791177472480","day":1,"start":990,"end":1050,"allDay":false,"title":"new2","inboxId":"inbox_1791047576076","weekKey":"2026-W41"}
[2026-10-05T09:46:01.733Z]   保存事件 {"id":"ev_1791177472732","day":1,"start":1170,"end":1230,"allDay":false,"title":"new2","inboxId":"inbox_1791047576076","weekKey":"2026-W41"}
[2026-10-05T09:46:01.733Z]   保存事件 {"id":"ev_1791177473156","day":1,"start":840,"end":900,"allDay":false,"title":"new2","inboxId":"inbox_1791047576076","weekKey":"2026-W41"}
[2026-10-05T09:46:01.733Z]   保存事件 {"id":"ev_1791177473460","day":1,"start":660,"end":720,"allDay":false,"title":"good","inboxId":"inbox_1791045953442","weekKey":"2026-W41"}
[2026-10-05T09:46:01.755Z] 渲染周表日历 {"weekKey":"2026-W41","events":23,"executions":4}
[2026-10-05T09:46:01.755Z]   计划事件 {"id":"ev_1791128546901_vxov","day":7,"start":120,"end":180,"allDay":false,"title":"test","inboxId":"inbox_1791017400854"}
[2026-10-05T09:46:01.755Z]   计划事件 {"id":"ev_1791128546901_w2if","day":7,"start":390,"end":450,"allDay":false,"title":"new","inboxId":"inbox_1791045111854"}
[2026-10-05T09:46:01.755Z]   计划事件 {"id":"ev_1791128546901_ak2c","day":7,"start":510,"end":570,"allDay":false,"title":"test","inboxId":"inbox_1791017400854"}
[2026-10-05T09:46:01.755Z]   计划事件 {"id":"ev_1791128546901_jf9e","day":7,"start":720,"end":780,"allDay":false,"title":"test","inboxId":"inbox_1791017400854"}
[2026-10-05T09:46:01.755Z]   计划事件 {"id":"ev_1791128546901_90pn","day":7,"start":840,"end":900,"allDay":false,"title":"test","inboxId":"inbox_1791017400854"}
[2026-10-05T09:46:01.755Z]   计划事件 {"id":"ev_1791128546901_biuq","day":4,"start":690,"end":750,"allDay":false,"title":"test","inboxId":"inbox_1791017400854"}
[2026-10-05T09:46:01.755Z]   计划事件 {"id":"ev_1791128546901_l9li","day":1,"start":0,"end":1440,"allDay":true,"title":"new","inboxId":"inbox_1791045111854"}
[2026-10-05T09:46:01.755Z]   计划事件 {"id":"ev_1791128546901_5sq2","day":4,"start":0,"end":1440,"allDay":true,"title":"new","inboxId":"inbox_1791045111854"}
[2026-10-05T09:46:01.755Z]   计划事件 {"id":"ev_1791128546901_2ulq","day":7,"start":0,"end":1440,"allDay":true,"title":"good","inboxId":"inbox_1791045953442"}
[2026-10-05T09:46:01.755Z]   计划事件 {"id":"ev_1791177472124","day":1,"start":510,"end":570,"allDay":false,"title":"new2","inboxId":"inbox_1791047576076"}
[2026-10-05T09:46:01.755Z]   计划事件 {"id":"ev_1791177472480","day":1,"start":990,"end":1050,"allDay":false,"title":"new2","inboxId":"inbox_1791047576076"}
[2026-10-05T09:46:01.755Z]   计划事件 {"id":"ev_1791177472732","day":1,"start":1170,"end":1230,"allDay":false,"title":"new2","inboxId":"inbox_1791047576076"}
[2026-10-05T09:46:01.755Z]   计划事件 {"id":"ev_1791177473156","day":1,"start":840,"end":900,"allDay":false,"title":"new2","inboxId":"inbox_1791047576076"}
[2026-10-05T09:46:01.755Z]   计划事件 {"id":"ev_1791177473460","day":1,"start":660,"end":720,"allDay":false,"title":"good","inboxId":"inbox_1791045953442"}
[2026-10-05T09:46:02.437Z] 保存数据 {"weekKey":"2026-W41","events":23,"executions":4}
[2026-10-05T09:46:02.437Z]   保存事件 {"id":"ev_1791044383880","day":7,"start":120,"end":180,"allDay":false,"title":"test","inboxId":"inbox_1791017400854","weekKey":"2026-W40"}
[2026-10-05T09:46:02.437Z]   保存事件 {"id":"ev_1791044384140","day":7,"start":390,"end":450,"allDay":false,"title":"new","inboxId":"inbox_1791045111854","weekKey":"2026-W40"}
[2026-10-05T09:46:02.437Z]   保存事件 {"id":"ev_1791044384376","day":7,"start":510,"end":570,"allDay":false,"title":"test","inboxId":"inbox_1791017400854","weekKey":"2026-W40"}
[2026-10-05T09:46:02.437Z]   保存事件 {"id":"ev_1791044384564","day":7,"start":720,"end":780,"allDay":false,"title":"test","inboxId":"inbox_1791017400854","weekKey":"2026-W40"}
[2026-10-05T09:46:02.437Z]   保存事件 {"id":"ev_1791044384796","day":7,"start":840,"end":900,"allDay":false,"title":"test","inboxId":"inbox_1791017400854","weekKey":"2026-W40"}
[2026-10-05T09:46:02.437Z]   保存事件 {"id":"ev_1791044395154","day":4,"start":690,"end":750,"allDay":false,"title":"test","inboxId":"inbox_1791017400854","weekKey":"2026-W40"}
[2026-10-05T09:46:02.437Z]   保存事件 {"id":"ev_1791045924198","day":1,"start":0,"end":1440,"allDay":true,"title":"new","inboxId":"inbox_1791045111854","weekKey":"2026-W40"}
[2026-10-05T09:46:02.437Z]   保存事件 {"id":"ev_1791045926890","day":4,"start":0,"end":1440,"allDay":true,"title":"new","inboxId":"inbox_1791045111854","weekKey":"2026-W40"}
[2026-10-05T09:46:02.437Z]   保存事件 {"id":"ev_1791045955430","day":7,"start":0,"end":1440,"allDay":true,"title":"good","inboxId":"inbox_1791045953442","weekKey":"2026-W40"}
[2026-10-05T09:46:02.437Z]   保存事件 {"id":"ev_1791128546901_vxov","day":7,"start":120,"end":180,"allDay":false,"title":"test","inboxId":"inbox_1791017400854","weekKey":"2026-W41"}
[2026-10-05T09:46:02.437Z]   保存事件 {"id":"ev_1791128546901_w2if","day":7,"start":390,"end":450,"allDay":false,"title":"new","inboxId":"inbox_1791045111854","weekKey":"2026-W41"}
[2026-10-05T09:46:02.437Z]   保存事件 {"id":"ev_1791128546901_ak2c","day":7,"start":510,"end":570,"allDay":false,"title":"test","inboxId":"inbox_1791017400854","weekKey":"2026-W41"}
[2026-10-05T09:46:02.437Z]   保存事件 {"id":"ev_1791128546901_jf9e","day":7,"start":720,"end":780,"allDay":false,"title":"test","inboxId":"inbox_1791017400854","weekKey":"2026-W41"}
[2026-10-05T09:46:02.437Z]   保存事件 {"id":"ev_1791128546901_90pn","day":7,"start":840,"end":900,"allDay":false,"title":"test","inboxId":"inbox_1791017400854","weekKey":"2026-W41"}
[2026-10-05T09:46:02.437Z]   保存事件 {"id":"ev_1791128546901_biuq","day":4,"start":690,"end":750,"allDay":false,"title":"test","inboxId":"inbox_1791017400854","weekKey":"2026-W41"}
[2026-10-05T09:46:02.437Z]   保存事件 {"id":"ev_1791128546901_l9li","day":1,"start":0,"end":1440,"allDay":true,"title":"new","inboxId":"inbox_1791045111854","weekKey":"2026-W41"}
[2026-10-05T09:46:02.437Z]   保存事件 {"id":"ev_1791128546901_5sq2","day":4,"start":0,"end":1440,"allDay":true,"title":"new","inboxId":"inbox_1791045111854","weekKey":"2026-W41"}
[2026-10-05T09:46:02.437Z]   保存事件 {"id":"ev_1791128546901_2ulq","day":7,"start":0,"end":1440,"allDay":true,"title":"good","inboxId":"inbox_1791045953442","weekKey":"2026-W41"}
[2026-10-05T09:46:02.437Z]   保存事件 {"id":"ev_1791177472124","day":1,"start":510,"end":570,"allDay":false,"title":"new2","inboxId":"inbox_1791047576076","weekKey":"2026-W41"}
[2026-10-05T09:46:02.437Z]   保存事件 {"id":"ev_1791177472480","day":1,"start":990,"end":1050,"allDay":false,"title":"new2","inboxId":"inbox_1791047576076","weekKey":"2026-W41"}
[2026-10-05T09:46:02.437Z]   保存事件 {"id":"ev_1791177472732","day":1,"start":1170,"end":1230,"allDay":false,"title":"new2","inboxId":"inbox_1791047576076","weekKey":"2026-W41"}
[2026-10-05T09:46:02.437Z]   保存事件 {"id":"ev_1791177473156","day":1,"start":840,"end":900,"allDay":false,"title":"new2","inboxId":"inbox_1791047576076","weekKey":"2026-W41"}
[2026-10-05T09:46:02.437Z]   保存事件 {"id":"ev_1791177473460","day":1,"start":660,"end":720,"allDay":false,"title":"good","inboxId":"inbox_1791045953442","weekKey":"2026-W41"}
[2026-10-05T09:46:02.457Z] 渲染周表日历 {"weekKey":"2026-W41","events":23,"executions":4}
[2026-10-05T09:46:02.457Z]   计划事件 {"id":"ev_1791128546901_vxov","day":7,"start":120,"end":180,"allDay":false,"title":"test","inboxId":"inbox_1791017400854"}
[2026-10-05T09:46:02.457Z]   计划事件 {"id":"ev_1791128546901_w2if","day":7,"start":390,"end":450,"allDay":false,"title":"new","inboxId":"inbox_1791045111854"}
[2026-10-05T09:46:02.457Z]   计划事件 {"id":"ev_1791128546901_ak2c","day":7,"start":510,"end":570,"allDay":false,"title":"test","inboxId":"inbox_1791017400854"}
[2026-10-05T09:46:02.457Z]   计划事件 {"id":"ev_1791128546901_jf9e","day":7,"start":720,"end":780,"allDay":false,"title":"test","inboxId":"inbox_1791017400854"}
[2026-10-05T09:46:02.457Z]   计划事件 {"id":"ev_1791128546901_90pn","day":7,"start":840,"end":900,"allDay":false,"title":"test","inboxId":"inbox_1791017400854"}
[2026-10-05T09:46:02.457Z]   计划事件 {"id":"ev_1791128546901_biuq","day":4,"start":690,"end":750,"allDay":false,"title":"test","inboxId":"inbox_1791017400854"}
[2026-10-05T09:46:02.458Z]   计划事件 {"id":"ev_1791128546901_l9li","day":1,"start":0,"end":1440,"allDay":true,"title":"new","inboxId":"inbox_1791045111854"}
[2026-10-05T09:46:02.458Z]   计划事件 {"id":"ev_1791128546901_5sq2","day":4,"start":0,"end":1440,"allDay":true,"title":"new","inboxId":"inbox_1791045111854"}
[2026-10-05T09:46:02.458Z]   计划事件 {"id":"ev_1791128546901_2ulq","day":7,"start":0,"end":1440,"allDay":true,"title":"good","inboxId":"inbox_1791045953442"}
[2026-10-05T09:46:02.458Z]   计划事件 {"id":"ev_1791177472124","day":1,"start":510,"end":570,"allDay":false,"title":"new2","inboxId":"inbox_1791047576076"}
[2026-10-05T09:46:02.458Z]   计划事件 {"id":"ev_1791177472480","day":1,"start":990,"end":1050,"allDay":false,"title":"new2","inboxId":"inbox_1791047576076"}
[2026-10-05T09:46:02.458Z]   计划事件 {"id":"ev_1791177472732","day":1,"start":1170,"end":1230,"allDay":false,"title":"new2","inboxId":"inbox_1791047576076"}
[2026-10-05T09:46:02.458Z]   计划事件 {"id":"ev_1791177473156","day":1,"start":840,"end":900,"allDay":false,"title":"new2","inboxId":"inbox_1791047576076"}
[2026-10-05T09:46:02.458Z]   计划事件 {"id":"ev_1791177473460","day":1,"start":660,"end":720,"allDay":false,"title":"good","inboxId":"inbox_1791045953442"}
[2026-10-05T09:46:02.781Z] 保存数据 {"weekKey":"2026-W41","events":23,"executions":4}
[2026-10-05T09:46:02.781Z]   保存事件 {"id":"ev_1791044383880","day":7,"start":120,"end":180,"allDay":false,"title":"test","inboxId":"inbox_1791017400854","weekKey":"2026-W40"}
[2026-10-05T09:46:02.781Z]   保存事件 {"id":"ev_1791044384140","day":7,"start":390,"end":450,"allDay":false,"title":"new","inboxId":"inbox_1791045111854","weekKey":"2026-W40"}
[2026-10-05T09:46:02.781Z]   保存事件 {"id":"ev_1791044384376","day":7,"start":510,"end":570,"allDay":false,"title":"test","inboxId":"inbox_1791017400854","weekKey":"2026-W40"}
[2026-10-05T09:46:02.781Z]   保存事件 {"id":"ev_1791044384564","day":7,"start":720,"end":780,"allDay":false,"title":"test","inboxId":"inbox_1791017400854","weekKey":"2026-W40"}
[2026-10-05T09:46:02.781Z]   保存事件 {"id":"ev_1791044384796","day":7,"start":840,"end":900,"allDay":false,"title":"test","inboxId":"inbox_1791017400854","weekKey":"2026-W40"}
[2026-10-05T09:46:02.781Z]   保存事件 {"id":"ev_1791044395154","day":4,"start":690,"end":750,"allDay":false,"title":"test","inboxId":"inbox_1791017400854","weekKey":"2026-W40"}
[2026-10-05T09:46:02.781Z]   保存事件 {"id":"ev_1791045924198","day":1,"start":0,"end":1440,"allDay":true,"title":"new","inboxId":"inbox_1791045111854","weekKey":"2026-W40"}
[2026-10-05T09:46:02.781Z]   保存事件 {"id":"ev_1791045926890","day":4,"start":0,"end":1440,"allDay":true,"title":"new","inboxId":"inbox_1791045111854","weekKey":"2026-W40"}
[2026-10-05T09:46:02.781Z]   保存事件 {"id":"ev_1791045955430","day":7,"start":0,"end":1440,"allDay":true,"title":"good","inboxId":"inbox_1791045953442","weekKey":"2026-W40"}
[2026-10-05T09:46:02.781Z]   保存事件 {"id":"ev_1791128546901_vxov","day":7,"start":120,"end":180,"allDay":false,"title":"test","inboxId":"inbox_1791017400854","weekKey":"2026-W41"}
[2026-10-05T09:46:02.781Z]   保存事件 {"id":"ev_1791128546901_w2if","day":7,"start":390,"end":450,"allDay":false,"title":"new","inboxId":"inbox_1791045111854","weekKey":"2026-W41"}
[2026-10-05T09:46:02.781Z]   保存事件 {"id":"ev_1791128546901_ak2c","day":7,"start":510,"end":570,"allDay":false,"title":"test","inboxId":"inbox_1791017400854","weekKey":"2026-W41"}
[2026-10-05T09:46:02.781Z]   保存事件 {"id":"ev_1791128546901_jf9e","day":7,"start":720,"end":780,"allDay":false,"title":"test","inboxId":"inbox_1791017400854","weekKey":"2026-W41"}
[2026-10-05T09:46:02.781Z]   保存事件 {"id":"ev_1791128546901_90pn","day":7,"start":840,"end":900,"allDay":false,"title":"test","inboxId":"inbox_1791017400854","weekKey":"2026-W41"}
[2026-10-05T09:46:02.781Z]   保存事件 {"id":"ev_1791128546901_biuq","day":4,"start":690,"end":750,"allDay":false,"title":"test","inboxId":"inbox_1791017400854","weekKey":"2026-W41"}
[2026-10-05T09:46:02.781Z]   保存事件 {"id":"ev_1791128546901_l9li","day":1,"start":0,"end":1440,"allDay":true,"title":"new","inboxId":"inbox_1791045111854","weekKey":"2026-W41"}
[2026-10-05T09:46:02.781Z]   保存事件 {"id":"ev_1791128546901_5sq2","day":4,"start":0,"end":1440,"allDay":true,"title":"new","inboxId":"inbox_1791045111854","weekKey":"2026-W41"}
[2026-10-05T09:46:02.781Z]   保存事件 {"id":"ev_1791128546901_2ulq","day":7,"start":0,"end":1440,"allDay":true,"title":"good","inboxId":"inbox_1791045953442","weekKey":"2026-W41"}
[2026-10-05T09:46:02.781Z]   保存事件 {"id":"ev_1791177472124","day":1,"start":510,"end":570,"allDay":false,"title":"new2","inboxId":"inbox_1791047576076","weekKey":"2026-W41"}
[2026-10-05T09:46:02.781Z]   保存事件 {"id":"ev_1791177472480","day":1,"start":990,"end":1050,"allDay":false,"title":"new2","inboxId":"inbox_1791047576076","weekKey":"2026-W41"}
[2026-10-05T09:46:02.781Z]   保存事件 {"id":"ev_1791177472732","day":1,"start":1170,"end":1230,"allDay":false,"title":"new2","inboxId":"inbox_1791047576076","weekKey":"2026-W41"}
[2026-10-05T09:46:02.781Z]   保存事件 {"id":"ev_1791177473156","day":1,"start":840,"end":900,"allDay":false,"title":"new2","inboxId":"inbox_1791047576076","weekKey":"2026-W41"}
[2026-10-05T09:46:02.781Z]   保存事件 {"id":"ev_1791177473460","day":1,"start":660,"end":720,"allDay":false,"title":"good","inboxId":"inbox_1791045953442","weekKey":"2026-W41"}
[2026-10-05T09:46:02.812Z] 渲染周表日历 {"weekKey":"2026-W41","events":23,"executions":4}
[2026-10-05T09:46:02.812Z]   计划事件 {"id":"ev_1791128546901_vxov","day":7,"start":120,"end":180,"allDay":false,"title":"test","inboxId":"inbox_1791017400854"}
[2026-10-05T09:46:02.812Z]   计划事件 {"id":"ev_1791128546901_w2if","day":7,"start":390,"end":450,"allDay":false,"title":"new","inboxId":"inbox_1791045111854"}
[2026-10-05T09:46:02.812Z]   计划事件 {"id":"ev_1791128546901_ak2c","day":7,"start":510,"end":570,"allDay":false,"title":"test","inboxId":"inbox_1791017400854"}
[2026-10-05T09:46:02.812Z]   计划事件 {"id":"ev_1791128546901_jf9e","day":7,"start":720,"end":780,"allDay":false,"title":"test","inboxId":"inbox_1791017400854"}
[2026-10-05T09:46:02.812Z]   计划事件 {"id":"ev_1791128546901_90pn","day":7,"start":840,"end":900,"allDay":false,"title":"test","inboxId":"inbox_1791017400854"}
[2026-10-05T09:46:02.812Z]   计划事件 {"id":"ev_1791128546901_biuq","day":4,"start":690,"end":750,"allDay":false,"title":"test","inboxId":"inbox_1791017400854"}
[2026-10-05T09:46:02.812Z]   计划事件 {"id":"ev_1791128546901_l9li","day":1,"start":0,"end":1440,"allDay":true,"title":"new","inboxId":"inbox_1791045111854"}
[2026-10-05T09:46:02.812Z]   计划事件 {"id":"ev_1791128546901_5sq2","day":4,"start":0,"end":1440,"allDay":true,"title":"new","inboxId":"inbox_1791045111854"}
[2026-10-05T09:46:02.812Z]   计划事件 {"id":"ev_1791128546901_2ulq","day":7,"start":0,"end":1440,"allDay":true,"title":"good","inboxId":"inbox_1791045953442"}
[2026-10-05T09:46:02.812Z]   计划事件 {"id":"ev_1791177472124","day":1,"start":510,"end":570,"allDay":false,"title":"new2","inboxId":"inbox_1791047576076"}
[2026-10-05T09:46:02.812Z]   计划事件 {"id":"ev_1791177472480","day":1,"start":990,"end":1050,"allDay":false,"title":"new2","inboxId":"inbox_1791047576076"}
[2026-10-05T09:46:02.812Z]   计划事件 {"id":"ev_1791177472732","day":1,"start":1170,"end":1230,"allDay":false,"title":"new2","inboxId":"inbox_1791047576076"}
[2026-10-05T09:46:02.812Z]   计划事件 {"id":"ev_1791177473156","day":1,"start":840,"end":900,"allDay":false,"title":"new2","inboxId":"inbox_1791047576076"}
[2026-10-05T09:46:02.812Z]   计划事件 {"id":"ev_1791177473460","day":1,"start":660,"end":720,"allDay":false,"title":"good","inboxId":"inbox_1791045953442"}
[2026-10-05T09:46:04.312Z] 保存数据 {"weekKey":"2026-W41","events":23,"executions":4}
[2026-10-05T09:46:04.313Z]   保存事件 {"id":"ev_1791044383880","day":7,"start":120,"end":180,"allDay":false,"title":"test","inboxId":"inbox_1791017400854","weekKey":"2026-W40"}
[2026-10-05T09:46:04.313Z]   保存事件 {"id":"ev_1791044384140","day":7,"start":390,"end":450,"allDay":false,"title":"new","inboxId":"inbox_1791045111854","weekKey":"2026-W40"}
[2026-10-05T09:46:04.313Z]   保存事件 {"id":"ev_1791044384376","day":7,"start":510,"end":570,"allDay":false,"title":"test","inboxId":"inbox_1791017400854","weekKey":"2026-W40"}
[2026-10-05T09:46:04.313Z]   保存事件 {"id":"ev_1791044384564","day":7,"start":720,"end":780,"allDay":false,"title":"test","inboxId":"inbox_1791017400854","weekKey":"2026-W40"}
[2026-10-05T09:46:04.313Z]   保存事件 {"id":"ev_1791044384796","day":7,"start":840,"end":900,"allDay":false,"title":"test","inboxId":"inbox_1791017400854","weekKey":"2026-W40"}
[2026-10-05T09:46:04.313Z]   保存事件 {"id":"ev_1791044395154","day":4,"start":690,"end":750,"allDay":false,"title":"test","inboxId":"inbox_1791017400854","weekKey":"2026-W40"}
[2026-10-05T09:46:04.313Z]   保存事件 {"id":"ev_1791045924198","day":1,"start":0,"end":1440,"allDay":true,"title":"new","inboxId":"inbox_1791045111854","weekKey":"2026-W40"}
[2026-10-05T09:46:04.313Z]   保存事件 {"id":"ev_1791045926890","day":4,"start":0,"end":1440,"allDay":true,"title":"new","inboxId":"inbox_1791045111854","weekKey":"2026-W40"}
[2026-10-05T09:46:04.313Z]   保存事件 {"id":"ev_1791045955430","day":7,"start":0,"end":1440,"allDay":true,"title":"good","inboxId":"inbox_1791045953442","weekKey":"2026-W40"}
[2026-10-05T09:46:04.313Z]   保存事件 {"id":"ev_1791128546901_vxov","day":7,"start":120,"end":180,"allDay":false,"title":"test","inboxId":"inbox_1791017400854","weekKey":"2026-W41"}
[2026-10-05T09:46:04.313Z]   保存事件 {"id":"ev_1791128546901_w2if","day":7,"start":390,"end":450,"allDay":false,"title":"new","inboxId":"inbox_1791045111854","weekKey":"2026-W41"}
[2026-10-05T09:46:04.313Z]   保存事件 {"id":"ev_1791128546901_ak2c","day":7,"start":510,"end":570,"allDay":false,"title":"test","inboxId":"inbox_1791017400854","weekKey":"2026-W41"}
[2026-10-05T09:46:04.313Z]   保存事件 {"id":"ev_1791128546901_jf9e","day":7,"start":720,"end":780,"allDay":false,"title":"test","inboxId":"inbox_1791017400854","weekKey":"2026-W41"}
[2026-10-05T09:46:04.313Z]   保存事件 {"id":"ev_1791128546901_90pn","day":7,"start":840,"end":900,"allDay":false,"title":"test","inboxId":"inbox_1791017400854","weekKey":"2026-W41"}
[2026-10-05T09:46:04.313Z]   保存事件 {"id":"ev_1791128546901_biuq","day":4,"start":690,"end":750,"allDay":false,"title":"test","inboxId":"inbox_1791017400854","weekKey":"2026-W41"}
[2026-10-05T09:46:04.313Z]   保存事件 {"id":"ev_1791128546901_l9li","day":1,"start":0,"end":1440,"allDay":true,"title":"new","inboxId":"inbox_1791045111854","weekKey":"2026-W41"}
[2026-10-05T09:46:04.313Z]   保存事件 {"id":"ev_1791128546901_5sq2","day":4,"start":0,"end":1440,"allDay":true,"title":"new","inboxId":"inbox_1791045111854","weekKey":"2026-W41"}
[2026-10-05T09:46:04.313Z]   保存事件 {"id":"ev_1791128546901_2ulq","day":7,"start":0,"end":1440,"allDay":true,"title":"good","inboxId":"inbox_1791045953442","weekKey":"2026-W41"}
[2026-10-05T09:46:04.313Z]   保存事件 {"id":"ev_1791177472124","day":1,"start":510,"end":570,"allDay":false,"title":"new2","inboxId":"inbox_1791047576076","weekKey":"2026-W41"}
[2026-10-05T09:46:04.313Z]   保存事件 {"id":"ev_1791177472480","day":1,"start":990,"end":1050,"allDay":false,"title":"new2","inboxId":"inbox_1791047576076","weekKey":"2026-W41"}
[2026-10-05T09:46:04.313Z]   保存事件 {"id":"ev_1791177472732","day":1,"start":1170,"end":1230,"allDay":false,"title":"new2","inboxId":"inbox_1791047576076","weekKey":"2026-W41"}
[2026-10-05T09:46:04.313Z]   保存事件 {"id":"ev_1791177473156","day":1,"start":840,"end":900,"allDay":false,"title":"new2","inboxId":"inbox_1791047576076","weekKey":"2026-W41"}
[2026-10-05T09:46:04.313Z]   保存事件 {"id":"ev_1791177473460","day":1,"start":660,"end":720,"allDay":false,"title":"good","inboxId":"inbox_1791045953442","weekKey":"2026-W41"}
[2026-10-05T09:46:04.334Z] 渲染周表日历 {"weekKey":"2026-W41","events":23,"executions":4}
[2026-10-05T09:46:04.334Z]   计划事件 {"id":"ev_1791128546901_vxov","day":7,"start":120,"end":180,"allDay":false,"title":"test","inboxId":"inbox_1791017400854"}
[2026-10-05T09:46:04.334Z]   计划事件 {"id":"ev_1791128546901_w2if","day":7,"start":390,"end":450,"allDay":false,"title":"new","inboxId":"inbox_1791045111854"}
[2026-10-05T09:46:04.334Z]   计划事件 {"id":"ev_1791128546901_ak2c","day":7,"start":510,"end":570,"allDay":false,"title":"test","inboxId":"inbox_1791017400854"}
[2026-10-05T09:46:04.334Z]   计划事件 {"id":"ev_1791128546901_jf9e","day":7,"start":720,"end":780,"allDay":false,"title":"test","inboxId":"inbox_1791017400854"}
[2026-10-05T09:46:04.334Z]   计划事件 {"id":"ev_1791128546901_90pn","day":7,"start":840,"end":900,"allDay":false,"title":"test","inboxId":"inbox_1791017400854"}
[2026-10-05T09:46:04.334Z]   计划事件 {"id":"ev_1791128546901_biuq","day":4,"start":690,"end":750,"allDay":false,"title":"test","inboxId":"inbox_1791017400854"}
[2026-10-05T09:46:04.334Z]   计划事件 {"id":"ev_1791128546901_l9li","day":1,"start":0,"end":1440,"allDay":true,"title":"new","inboxId":"inbox_1791045111854"}
[2026-10-05T09:46:04.334Z]   计划事件 {"id":"ev_1791128546901_5sq2","day":4,"start":0,"end":1440,"allDay":true,"title":"new","inboxId":"inbox_1791045111854"}
[2026-10-05T09:46:04.334Z]   计划事件 {"id":"ev_1791128546901_2ulq","day":7,"start":0,"end":1440,"allDay":true,"title":"good","inboxId":"inbox_1791045953442"}
[2026-10-05T09:46:04.334Z]   计划事件 {"id":"ev_1791177472124","day":1,"start":510,"end":570,"allDay":false,"title":"new2","inboxId":"inbox_1791047576076"}
[2026-10-05T09:46:04.334Z]   计划事件 {"id":"ev_1791177472480","day":1,"start":990,"end":1050,"allDay":false,"title":"new2","inboxId":"inbox_1791047576076"}
[2026-10-05T09:46:04.334Z]   计划事件 {"id":"ev_1791177472732","day":1,"start":1170,"end":1230,"allDay":false,"title":"new2","inboxId":"inbox_1791047576076"}
[2026-10-05T09:46:04.334Z]   计划事件 {"id":"ev_1791177473156","day":1,"start":840,"end":900,"allDay":false,"title":"new2","inboxId":"inbox_1791047576076"}
[2026-10-05T09:46:04.334Z]   计划事件 {"id":"ev_1791177473460","day":1,"start":660,"end":720,"allDay":false,"title":"good","inboxId":"inbox_1791045953442"}
[2026-10-05T09:46:04.561Z] 保存数据 {"weekKey":"2026-W41","events":23,"executions":4}
[2026-10-05T09:46:04.561Z]   保存事件 {"id":"ev_1791044383880","day":7,"start":120,"end":180,"allDay":false,"title":"test","inboxId":"inbox_1791017400854","weekKey":"2026-W40"}
[2026-10-05T09:46:04.561Z]   保存事件 {"id":"ev_1791044384140","day":7,"start":390,"end":450,"allDay":false,"title":"new","inboxId":"inbox_1791045111854","weekKey":"2026-W40"}
[2026-10-05T09:46:04.561Z]   保存事件 {"id":"ev_1791044384376","day":7,"start":510,"end":570,"allDay":false,"title":"test","inboxId":"inbox_1791017400854","weekKey":"2026-W40"}
[2026-10-05T09:46:04.561Z]   保存事件 {"id":"ev_1791044384564","day":7,"start":720,"end":780,"allDay":false,"title":"test","inboxId":"inbox_1791017400854","weekKey":"2026-W40"}
[2026-10-05T09:46:04.561Z]   保存事件 {"id":"ev_1791044384796","day":7,"start":840,"end":900,"allDay":false,"title":"test","inboxId":"inbox_1791017400854","weekKey":"2026-W40"}
[2026-10-05T09:46:04.561Z]   保存事件 {"id":"ev_1791044395154","day":4,"start":690,"end":750,"allDay":false,"title":"test","inboxId":"inbox_1791017400854","weekKey":"2026-W40"}
[2026-10-05T09:46:04.561Z]   保存事件 {"id":"ev_1791045924198","day":1,"start":0,"end":1440,"allDay":true,"title":"new","inboxId":"inbox_1791045111854","weekKey":"2026-W40"}
[2026-10-05T09:46:04.561Z]   保存事件 {"id":"ev_1791045926890","day":4,"start":0,"end":1440,"allDay":true,"title":"new","inboxId":"inbox_1791045111854","weekKey":"2026-W40"}
[2026-10-05T09:46:04.561Z]   保存事件 {"id":"ev_1791045955430","day":7,"start":0,"end":1440,"allDay":true,"title":"good","inboxId":"inbox_1791045953442","weekKey":"2026-W40"}
[2026-10-05T09:46:04.561Z]   保存事件 {"id":"ev_1791128546901_vxov","day":7,"start":120,"end":180,"allDay":false,"title":"test","inboxId":"inbox_1791017400854","weekKey":"2026-W41"}
[2026-10-05T09:46:04.561Z]   保存事件 {"id":"ev_1791128546901_w2if","day":7,"start":390,"end":450,"allDay":false,"title":"new","inboxId":"inbox_1791045111854","weekKey":"2026-W41"}
[2026-10-05T09:46:04.561Z]   保存事件 {"id":"ev_1791128546901_ak2c","day":7,"start":510,"end":570,"allDay":false,"title":"test","inboxId":"inbox_1791017400854","weekKey":"2026-W41"}
[2026-10-05T09:46:04.561Z]   保存事件 {"id":"ev_1791128546901_jf9e","day":7,"start":720,"end":780,"allDay":false,"title":"test","inboxId":"inbox_1791017400854","weekKey":"2026-W41"}
[2026-10-05T09:46:04.561Z]   保存事件 {"id":"ev_1791128546901_90pn","day":7,"start":840,"end":900,"allDay":false,"title":"test","inboxId":"inbox_1791017400854","weekKey":"2026-W41"}
[2026-10-05T09:46:04.561Z]   保存事件 {"id":"ev_1791128546901_biuq","day":4,"start":690,"end":750,"allDay":false,"title":"test","inboxId":"inbox_1791017400854","weekKey":"2026-W41"}
[2026-10-05T09:46:04.561Z]   保存事件 {"id":"ev_1791128546901_l9li","day":1,"start":0,"end":1440,"allDay":true,"title":"new","inboxId":"inbox_1791045111854","weekKey":"2026-W41"}
[2026-10-05T09:46:04.561Z]   保存事件 {"id":"ev_1791128546901_5sq2","day":4,"start":0,"end":1440,"allDay":true,"title":"new","inboxId":"inbox_1791045111854","weekKey":"2026-W41"}
[2026-10-05T09:46:04.561Z]   保存事件 {"id":"ev_1791128546901_2ulq","day":7,"start":0,"end":1440,"allDay":true,"title":"good","inboxId":"inbox_1791045953442","weekKey":"2026-W41"}
[2026-10-05T09:46:04.561Z]   保存事件 {"id":"ev_1791177472124","day":1,"start":510,"end":570,"allDay":false,"title":"new2","inboxId":"inbox_1791047576076","weekKey":"2026-W41"}
[2026-10-05T09:46:04.561Z]   保存事件 {"id":"ev_1791177472480","day":1,"start":990,"end":1050,"allDay":false,"title":"new2","inboxId":"inbox_1791047576076","weekKey":"2026-W41"}
[2026-10-05T09:46:04.561Z]   保存事件 {"id":"ev_1791177472732","day":1,"start":1170,"end":1230,"allDay":false,"title":"new2","inboxId":"inbox_1791047576076","weekKey":"2026-W41"}
[2026-10-05T09:46:04.561Z]   保存事件 {"id":"ev_1791177473156","day":1,"start":840,"end":900,"allDay":false,"title":"new2","inboxId":"inbox_1791047576076","weekKey":"2026-W41"}
[2026-10-05T09:46:04.561Z]   保存事件 {"id":"ev_1791177473460","day":1,"start":660,"end":720,"allDay":false,"title":"good","inboxId":"inbox_1791045953442","weekKey":"2026-W41"}
[2026-10-05T09:46:04.589Z] 渲染周表日历 {"weekKey":"2026-W41","events":23,"executions":4}
[2026-10-05T09:46:04.589Z]   计划事件 {"id":"ev_1791128546901_vxov","day":7,"start":120,"end":180,"allDay":false,"title":"test","inboxId":"inbox_1791017400854"}
[2026-10-05T09:46:04.589Z]   计划事件 {"id":"ev_1791128546901_w2if","day":7,"start":390,"end":450,"allDay":false,"title":"new","inboxId":"inbox_1791045111854"}
[2026-10-05T09:46:04.589Z]   计划事件 {"id":"ev_1791128546901_ak2c","day":7,"start":510,"end":570,"allDay":false,"title":"test","inboxId":"inbox_1791017400854"}
[2026-10-05T09:46:04.589Z]   计划事件 {"id":"ev_1791128546901_jf9e","day":7,"start":720,"end":780,"allDay":false,"title":"test","inboxId":"inbox_1791017400854"}
[2026-10-05T09:46:04.589Z]   计划事件 {"id":"ev_1791128546901_90pn","day":7,"start":840,"end":900,"allDay":false,"title":"test","inboxId":"inbox_1791017400854"}
[2026-10-05T09:46:04.589Z]   计划事件 {"id":"ev_1791128546901_biuq","day":4,"start":690,"end":750,"allDay":false,"title":"test","inboxId":"inbox_1791017400854"}
[2026-10-05T09:46:04.589Z]   计划事件 {"id":"ev_1791128546901_l9li","day":1,"start":0,"end":1440,"allDay":true,"title":"new","inboxId":"inbox_1791045111854"}
[2026-10-05T09:46:04.589Z]   计划事件 {"id":"ev_1791128546901_5sq2","day":4,"start":0,"end":1440,"allDay":true,"title":"new","inboxId":"inbox_1791045111854"}
[2026-10-05T09:46:04.589Z]   计划事件 {"id":"ev_1791128546901_2ulq","day":7,"start":0,"end":1440,"allDay":true,"title":"good","inboxId":"inbox_1791045953442"}
[2026-10-05T09:46:04.589Z]   计划事件 {"id":"ev_1791177472124","day":1,"start":510,"end":570,"allDay":false,"title":"new2","inboxId":"inbox_1791047576076"}
[2026-10-05T09:46:04.589Z]   计划事件 {"id":"ev_1791177472480","day":1,"start":990,"end":1050,"allDay":false,"title":"new2","inboxId":"inbox_1791047576076"}
[2026-10-05T09:46:04.589Z]   计划事件 {"id":"ev_1791177472732","day":1,"start":1170,"end":1230,"allDay":false,"title":"new2","inboxId":"inbox_1791047576076"}
[2026-10-05T09:46:04.589Z]   计划事件 {"id":"ev_1791177473156","day":1,"start":840,"end":900,"allDay":false,"title":"new2","inboxId":"inbox_1791047576076"}
[2026-10-05T09:46:04.589Z]   计划事件 {"id":"ev_1791177473460","day":1,"start":660,"end":720,"allDay":false,"title":"good","inboxId":"inbox_1791045953442"}
[2026-10-05T09:46:05.109Z] MainView.renderContent {"tab":"today","events":23,"executions":4}
[2026-10-05T09:46:12.363Z] MainView.renderContent {"tab":"swimlane","events":23,"executions":4}
[2026-10-05T09:46:12.847Z] MainView.renderContent {"tab":"today","events":23,"executions":4}
[2026-10-05T09:46:13.739Z] MainView.renderContent {"tab":"achievement","events":23,"executions":4}
[2026-10-05T09:46:14.019Z] MainView.renderContent {"tab":"swimlane","events":23,"executions":4}
[2026-10-05T09:46:14.358Z] MainView.renderContent {"tab":"today","events":23,"executions":4}
